
> frontend@0.0.0 build
> tsc -b && vite build

src/pages/admin-dashboard.tsx(91,7): error TS6133: 'MOCK_PORTALS' is declared but its value is never read.
src/pages/admin-dashboard.tsx(294,5): error TS6133: 'adminId' is declared but its value is never read.
src/pages/admin-dashboard.tsx(522,117): error TS2322: Type '{ className: string; title: string; }' is not assignable to type 'IntrinsicAttributes & Omit<LucideProps, "ref"> & RefAttributes<SVGSVGElement>'.
  Property 'title' does not exist on type 'IntrinsicAttributes & Omit<LucideProps, "ref"> & RefAttributes<SVGSVGElement>'.
src/pages/admin-dashboard.tsx(523,108): error TS2322: Type '{ className: string; title: string; }' is not assignable to type 'IntrinsicAttributes & Omit<LucideProps, "ref"> & RefAttributes<SVGSVGElement>'.
  Property 'title' does not exist on type 'IntrinsicAttributes & Omit<LucideProps, "ref"> & RefAttributes<SVGSVGElement>'.
src/pages/admin-dashboard.tsx(568,47): error TS6133: 'adminId' is declared but its value is never read.
